
> Task :keupang-product:compileJava FAILED
./gradlew : D:\Dev\keupang\keup
ang-backend\keupang-product\src
\main\java\com\example\keupangp
roduct\controller\ProductContro
ller.java:3: error: class, inte
rface, enum, or record expected
위치 줄:1 문자:1
+ ./gradlew :keupang-product:bu
ild -x test > build_error.log 2
>&1
+ ~~~~~~~~~~~~~~~~~~~~~~~~~~~~~
~~~~~~~~~~~~~~~~~~~~~~~~~~~~~~~
~~~
    + CategoryInfo          :  
   NotSpecified: (D:\Dev\keup  
  ang\...record expected:Str   
 ing) [], RemoteException
    + FullyQualifiedErrorId :  
   NativeCommandError
 
);}Page<Product>productPage=pro
ductService.getProducts(search,
page,size);List<Product>product
s=productPage.getContent();
^
D:\Dev\keupang\keupang-backend\
keupang-product\src\main\java\c
om\example\keupangproduct\contr
oller\ProductController.java:3:
 error: class, interface, enum,
 or record expected
);}Page<Product>productPage=pro
ductService.getProducts(search,
page,size);List<Product>product
s=productPage.getContent();
  ^
D:\Dev\keupang\keupang-backend\
keupang-product\src\main\java\c
om\example\keupangproduct\contr
oller\ProductController.java:3:
 error: implicitly declared cla
sses are a preview feature and 
are disabled by default.
);}Page<Product>productPage=pro
ductService.getProducts(search,
page,size);List<Product>product
s=productPage.getContent();
                               
                               
           ^
  (use --enable-preview to enab
le implicitly declared classes)
D:\Dev\keupang\keupang-backend\
keupang-product\src\main\java\c
om\example\keupangproduct\contr
oller\ProductController.java:5:
 error: class, interface, enum,
 or record expected
Map<String,Object>pagination=ne
w HashMap<>();pagination.put("c
urrent_page",page+1);pagination
.put("total_pages",productPage.
getTotalPages());pagination.put
("total_items",productPage.getT
otalElements());pagination.put(
"hasNext",productPage.hasNext()
);
                               
              ^
D:\Dev\keupang\keupang-backend\
keupang-product\src\main\java\c
om\example\keupangproduct\contr
oller\ProductController.java:5:
 error: class, interface, enum,
 or record expected
Map<String,Object>pagination=ne
w HashMap<>();pagination.put("c
urrent_page",page+1);pagination
.put("total_pages",productPage.
getTotalPages());pagination.put
("total_items",productPage.getT
otalElements());pagination.put(
"hasNext",productPage.hasNext()
);
                               
                               
                     ^
D:\Dev\keupang\keupang-backend\
keupang-product\src\main\java\c
om\example\keupangproduct\contr
oller\ProductController.java:5:
 error: class, interface, enum,
 or record expected
Map<String,Object>pagination=ne
w HashMap<>();pagination.put("c
urrent_page",page+1);pagination
.put("total_pages",productPage.
getTotalPages());pagination.put
("total_items",productPage.getT
otalElements());pagination.put(
"hasNext",productPage.hasNext()
);
                               
                               
                               
                               
                 ^
D:\Dev\keupang\keupang-backend\
keupang-product\src\main\java\c
om\example\keupangproduct\contr
oller\ProductController.java:5:
 error: class, interface, enum,
 or record expected
Map<String,Object>pagination=ne
w HashMap<>();pagination.put("c
urrent_page",page+1);pagination
.put("total_pages",productPage.
getTotalPages());pagination.put
("total_items",productPage.getT
otalElements());pagination.put(
"hasNext",productPage.hasNext()
);
                               
                               
                               
                               
                               
                               
                ^
D:\Dev\keupang\keupang-backend\
keupang-product\src\main\java\c
om\example\keupangproduct\contr
oller\ProductController.java:7:
 error: class, interface, enum,
 or record expected
Map<String,Object>content=new H
ashMap<>();content.put("detail"
,"?곹뭹 紐⑸줉 議고쉶???깃났?덉뒿?덈떎.");
                               
           ^
D:\Dev\keupang\keupang-backend\
keupang-product\src\main\java\c
om\example\keupangproduct\contr
oller\ProductController.java:9:
 error: class, interface, enum,
 or record expected
Map<String,Object>data=new Hash
Map<>();data.put("products",pro
ducts);data.put("pagination",pa
gination);
                               
        ^
D:\Dev\keupang\keupang-backend\
keupang-product\src\main\java\c
om\example\keupangproduct\contr
oller\ProductController.java:9:
 error: class, interface, enum,
 or record expected
Map<String,Object>data=new Hash
Map<>();data.put("products",pro
ducts);data.put("pagination",pa
gination);
                               
                               
       ^
D:\Dev\keupang\keupang-backend\
keupang-product\src\main\java\c
om\example\keupangproduct\contr
oller\ProductController.java:11
: error: class, interface, enum
, or record expected
Map<String,Object>response=new 
HashMap<>();response.put("statu
s",200);response.put("code",200
08);response.put("message","SUC
CESS_READ_PRODUCT");response.pu
t("content",content);response.p
ut("data",data);
                               
            ^
D:\Dev\keupang\keupang-backend\
keupang-product\src\main\java\c
om\example\keupangproduct\contr
oller\ProductController.java:11
: error: class, interface, enum
, or record expected
Map<String,Object>response=new 
HashMap<>();response.put("statu
s",200);response.put("code",200
08);response.put("message","SUC
CESS_READ_PRODUCT");response.pu
t("content",content);response.p
ut("data",data);
                               
                               
        ^
D:\Dev\keupang\keupang-backend\
keupang-product\src\main\java\c
om\example\keupangproduct\contr
oller\ProductController.java:11
: error: class, interface, enum
, or record expected
Map<String,Object>response=new 
HashMap<>();response.put("statu
s",200);response.put("code",200
08);response.put("message","SUC
CESS_READ_PRODUCT");response.pu
t("content",content);response.p
ut("data",data);
                               
                               
                               
    ^
D:\Dev\keupang\keupang-backend\
keupang-product\src\main\java\c
om\example\keupangproduct\contr
oller\ProductController.java:11
: error: class, interface, enum
, or record expected
Map<String,Object>response=new 
HashMap<>();response.put("statu
s",200);response.put("code",200
08);response.put("message","SUC
CESS_READ_PRODUCT");response.pu
t("content",content);response.p
ut("data",data);
                               
                               
                               
                               
                    ^
D:\Dev\keupang\keupang-backend\
keupang-product\src\main\java\c
om\example\keupangproduct\contr
oller\ProductController.java:11
: error: class, interface, enum
, or record expected
Map<String,Object>response=new 
HashMap<>();response.put("statu
s",200);response.put("code",200
08);response.put("message","SUC
CESS_READ_PRODUCT");response.pu
t("content",content);response.p
ut("data",data);
                               
                               
                               
                               
                               
                     ^
D:\Dev\keupang\keupang-backend\
keupang-product\src\main\java\c
om\example\keupangproduct\contr
oller\ProductController.java:13
: error: class, interface, enum
, or record expected
return ResponseEntity.ok(respon
se);}}
^
D:\Dev\keupang\keupang-backend\
keupang-product\src\main\java\c
om\example\keupangproduct\contr
oller\ProductController.java:13
: error: class, interface, enum
, or record expected
return ResponseEntity.ok(respon
se);}}
                               
    ^
D:\Dev\keupang\keupang-backend\
keupang-product\src\main\java\c
om\example\keupangproduct\contr
oller\ProductController.java:1:
 error: implicitly declared cla
ss should not have package decl
aration
package com.example.keupangprod
uct.controller;
^
18 errors
[Incubating] Problems report is available at: file:///D:/Dev/keupang/keupang-backend/build/reports/problems/problems-report.html

FAILURE: Build failed with an e
xception.

* What went wrong:
Execution failed for task ':keu
pang-product:compileJava'.
> Compilation failed; see the c
ompiler output below.
  D:\Dev\keupang\keupang-backen
d\keupang-product\src\main\java
\com\example\keupangproduct\con
troller\ProductController.java:
1: error: implicitly declared c
lass should not have package de
claration
  package com.example.keupangpr
oduct.controller;
  ^
  D:\Dev\keupang\keupang-backen
d\keupang-product\src\main\java
\com\example\keupangproduct\con
troller\ProductController.java:
3: error: class, interface, enu
m, or record expected
  );}Page<Product>productPage=p
roductService.getProducts(searc
h,page,size);List<Product>produ
cts=productPage.getContent();
  ^
  D:\Dev\keupang\keupang-backen
d\keupang-product\src\main\java
\com\example\keupangproduct\con
troller\ProductController.java:
3: error: class, interface, enu
m, or record expected
  );}Page<Product>productPage=p
roductService.getProducts(searc
h,page,size);List<Product>produ
cts=productPage.getContent();
    ^
  D:\Dev\keupang\keupang-backen
d\keupang-product\src\main\java
\com\example\keupangproduct\con
troller\ProductController.java:
5: error: class, interface, enu
m, or record expected
  Map<String,Object>pagination=
new HashMap<>();pagination.put(
"current_page",page+1);paginati
on.put("total_pages",productPag
e.getTotalPages());pagination.p
ut("total_items",productPage.ge
tTotalElements());pagination.pu
t("hasNext",productPage.hasNext
());
                               
                ^
  D:\Dev\keupang\keupang-backen
d\keupang-product\src\main\java
\com\example\keupangproduct\con
troller\ProductController.java:
5: error: class, interface, enu
m, or record expected
  Map<String,Object>pagination=
new HashMap<>();pagination.put(
"current_page",page+1);paginati
on.put("total_pages",productPag
e.getTotalPages());pagination.p
ut("total_items",productPage.ge
tTotalElements());pagination.pu
t("hasNext",productPage.hasNext
());
                               
                               
                       ^
  D:\Dev\keupang\keupang-backen
d\keupang-product\src\main\java
\com\example\keupangproduct\con
troller\ProductController.java:
5: error: class, interface, enu
m, or record expected
  Map<String,Object>pagination=
new HashMap<>();pagination.put(
"current_page",page+1);paginati
on.put("total_pages",productPag
e.getTotalPages());pagination.p
ut("total_items",productPage.ge
tTotalElements());pagination.pu
t("hasNext",productPage.hasNext
());
                               
                               
                               
                               
                   ^
  D:\Dev\keupang\keupang-backen
d\keupang-product\src\main\java
\com\example\keupangproduct\con
troller\ProductController.java:
5: error: class, interface, enu
m, or record expected
  Map<String,Object>pagination=
new HashMap<>();pagination.put(
"current_page",page+1);paginati
on.put("total_pages",productPag
e.getTotalPages());pagination.p
ut("total_items",productPage.ge
tTotalElements());pagination.pu
t("hasNext",productPage.hasNext
());
                               
                               
                               
                               
                               
                               
                  ^
  D:\Dev\keupang\keupang-backen
d\keupang-product\src\main\java
\com\example\keupangproduct\con
troller\ProductController.java:
7: error: class, interface, enu
m, or record expected
  Map<String,Object>content=new
 HashMap<>();content.put("detai
l","?곹뭹 紐⑸줉 議고쉶???깃났?덉뒿?덈떎.");
                               
             ^
  D:\Dev\keupang\keupang-backen
d\keupang-product\src\main\java
\com\example\keupangproduct\con
troller\ProductController.java:
9: error: class, interface, enu
m, or record expected
  Map<String,Object>data=new Ha
shMap<>();data.put("products",p
roducts);data.put("pagination",
pagination);
                               
          ^
  D:\Dev\keupang\keupang-backen
d\keupang-product\src\main\java
\com\example\keupangproduct\con
troller\ProductController.java:
9: error: class, interface, enu
m, or record expected
  Map<String,Object>data=new Ha
shMap<>();data.put("products",p
roducts);data.put("pagination",
pagination);
                               
                               
         ^
  D:\Dev\keupang\keupang-backen
d\keupang-product\src\main\java
\com\example\keupangproduct\con
troller\ProductController.java:
11: error: class, interface, en
um, or record expected
  Map<String,Object>response=ne
w HashMap<>();response.put("sta
tus",200);response.put("code",2
0008);response.put("message","S
UCCESS_READ_PRODUCT");response.
put("content",content);response
.put("data",data);
                               
              ^
  D:\Dev\keupang\keupang-backen
d\keupang-product\src\main\java
\com\example\keupangproduct\con
troller\ProductController.java:
11: error: class, interface, en
um, or record expected
  Map<String,Object>response=ne
w HashMap<>();response.put("sta
tus",200);response.put("code",2
0008);response.put("message","S
UCCESS_READ_PRODUCT");response.
put("content",content);response
.put("data",data);
                               
                               
          ^
  D:\Dev\keupang\keupang-backen
d\keupang-product\src\main\java
\com\example\keupangproduct\con
troller\ProductController.java:
11: error: class, interface, en
um, or record expected
  Map<String,Object>response=ne
w HashMap<>();response.put("sta
tus",200);response.put("code",2
0008);response.put("message","S
UCCESS_READ_PRODUCT");response.
put("content",content);response
.put("data",data);
                               
                               
                               
      ^
  D:\Dev\keupang\keupang-backen
d\keupang-product\src\main\java
\com\example\keupangproduct\con
troller\ProductController.java:
11: error: class, interface, en
um, or record expected
  Map<String,Object>response=ne
w HashMap<>();response.put("sta
tus",200);response.put("code",2
0008);response.put("message","S
UCCESS_READ_PRODUCT");response.
put("content",content);response
.put("data",data);
                               
                               
                               
                               
                      ^
  D:\Dev\keupang\keupang-backen
d\keupang-product\src\main\java
\com\example\keupangproduct\con
troller\ProductController.java:
11: error: class, interface, en
um, or record expected
  Map<String,Object>response=ne
w HashMap<>();response.put("sta
tus",200);response.put("code",2
0008);response.put("message","S
UCCESS_READ_PRODUCT");response.
put("content",content);response
.put("data",data);
                               
                               
                               
                               
                               
                       ^
  D:\Dev\keupang\keupang-backen
d\keupang-product\src\main\java
\com\example\keupangproduct\con
troller\ProductController.java:
13: error: class, interface, en
um, or record expected
  return ResponseEntity.ok(resp
onse);}}
  ^
  D:\Dev\keupang\keupang-backen
d\keupang-product\src\main\java
\com\example\keupangproduct\con
troller\ProductController.java:
13: error: class, interface, en
um, or record expected
  return ResponseEntity.ok(resp
onse);}}
                               
      ^
  D:\Dev\keupang\keupang-backen
d\keupang-product\src\main\java
\com\example\keupangproduct\con
troller\ProductController.java:
3: error: implicitly declared c
lasses are a preview feature an
d are disabled by default.
  );}Page<Product>productPage=p
roductService.getProducts(searc
h,page,size);List<Product>produ
cts=productPage.getContent();
                               
                               
             ^
    (use --enable-preview to en
able implicitly declared classe
s)
  18 errors

* Try:
> Check your code and dependenc
ies to fix the compilation erro
r(s)
> Run with --scan to get full i
nsights.

BUILD FAILED in 2s
1 actionable task: 1 executed
